<html>
<body>
<pre>
<h1>µVision Build Log</h1>
<h2>Tool Versions:</h2>
IDE-Version: µVision V5.36.0.0
Copyright (C) 2021 ARM Ltd and ARM Germany GmbH. All rights reserved.
License Information: Mathiew Swarowski, nezaboodka, LIC=MPPLD-8YG36-TGP7T-R6IVH-VLY26-2PCQF
 
Tool Versions:
Toolchain:       MDK-ARM Plus  Version: 5.36.0.0
Toolchain Path:  C:\Keil_v5\ARM\ARMCC\Bin
C Compiler:      Armcc.exe V5.06 update 7 (build 960)
Assembler:       Armasm.exe V5.06 update 7 (build 960)
Linker/Locator:  ArmLink.exe V5.06 update 7 (build 960)
Library Manager: ArmAr.exe V5.06 update 7 (build 960)
Hex Converter:   FromElf.exe V5.06 update 7 (build 960)
CPU DLL:         SARMCM3.DLL V5.36.0.0
Dialog DLL:      DCM.DLL V1.17.3.0
Target DLL:      STLink\ST-LINKIII-KEIL_SWO.dll V3.0.9.0
Dialog DLL:      TCM.DLL V1.53.0.0
 
<h2>Project:</h2>
C:\Users\jager\Desktop\7_sem\ÏÎÂÑ\ÑubeMX\AlarmClock\MDK-ARM\AlarmClock.uvprojx
Project File Date:  09/25/2023

<h2>Output:</h2>
*** Using Compiler 'V5.06 update 7 (build 960)', folder: 'C:\Keil_v5\ARM\ARMCC\Bin'
Build target 'AlarmClock'
compiling main.c...
../Core/Src/main.c(80): warning:  #1295-D: Deprecated declaration resetLeds - give arg types
  void resetLeds();
../Core/Src/main.c(84): warning:  #1295-D: Deprecated declaration resetIRQ - give arg types
  void resetIRQ();
../Core/Src/main.c(85): warning:  #1295-D: Deprecated declaration setLedState - give arg types
  void setLedState();
../Core/Src/main.c(86): warning:  #1295-D: Deprecated declaration incHours - give arg types
  void incHours();
../Core/Src/main.c(87): warning:  #1295-D: Deprecated declaration decHours - give arg types
  void decHours();
../Core/Src/main.c(88): warning:  #1295-D: Deprecated declaration incMinutes - give arg types
  void incMinutes();
../Core/Src/main.c(89): warning:  #1295-D: Deprecated declaration decMinutes - give arg types
  void decMinutes();
../Core/Src/main.c(118): warning:  #188-D: enumerated type mixed with another type
  			 HAL_GPIO_WritePin(DS_GPIO_Port, DS_Pin, output);
../Core/Src/main.c(119): warning:  #188-D: enumerated type mixed with another type
  			 HAL_GPIO_WritePin(SHCP_GPIO_Port, SHCP_Pin, 0);
../Core/Src/main.c(120): warning:  #188-D: enumerated type mixed with another type
  			 HAL_GPIO_WritePin(SHCP_GPIO_Port, SHCP_Pin, 1);
../Core/Src/main.c(138): warning:  #188-D: enumerated type mixed with another type
  			 HAL_GPIO_WritePin(DS_GPIO_Port, DS_Pin, output);
../Core/Src/main.c(139): warning:  #188-D: enumerated type mixed with another type
  			 HAL_GPIO_WritePin(SHCP_GPIO_Port, SHCP_Pin, 0);
../Core/Src/main.c(140): warning:  #188-D: enumerated type mixed with another type
  			 HAL_GPIO_WritePin(SHCP_GPIO_Port, SHCP_Pin, 1);
../Core/Src/main.c(179): warning:  #68-D: integer conversion resulted in a change of sign
  	alarmTime.Hours = -1;
../Core/Src/main.c(180): warning:  #68-D: integer conversion resulted in a change of sign
  	alarmTime.Minutes = -1;
../Core/Src/main.c(286): warning:  #188-D: enumerated type mixed with another type
  			return 0;
../Core/Src/main.c: 16 warnings, 0 errors
linking...
Program Size: Code=7344 RO-data=344 RW-data=60 ZI-data=1724  
FromELF: creating hex file...
"AlarmClock\AlarmClock.axf" - 0 Error(s), 16 Warning(s).

<h2>Software Packages used:</h2>

Package Vendor: ARM
                http://www.keil.com/pack/ARM.CMSIS.5.9.0.pack
                ARM.CMSIS.5.9.0
                CMSIS (Common Microcontroller Software Interface Standard)
   * Component: CORE Version: 5.6.0

Package Vendor: Keil
                https://www.keil.com/pack/Keil.STM32F1xx_DFP.2.4.1.pack
                Keil.STM32F1xx_DFP.2.4.1
                STMicroelectronics STM32F1 Series Device Support, Drivers and Examples

<h2>Collection of Component include folders:</h2>
  .\RTE\_AlarmClock
  C:\Users\jager\AppData\Local\Arm\Packs\ARM\CMSIS\5.9.0\CMSIS\Core\Include
  C:\Users\jager\AppData\Local\Arm\Packs\Keil\STM32F1xx_DFP\2.4.1\Device\Include

<h2>Collection of Component Files used:</h2>

   * Component: ARM::CMSIS:CORE:5.6.0
Build Time Elapsed:  00:00:01
</pre>
</body>
</html>
